{"level":"error","message":"Failed to start server: Listen method has been called more than once without closing.","timestamp":"2026-02-17 12:02:58"}
{"level":"error","message":"500 - No default engine was specified and no extension was provided. - /","timestamp":"2026-02-17 12:50:03"}
{"level":"error","message":"Failed to create product: Cannot destructure property 'name' of 'req.body' as it is undefined.","timestamp":"2026-02-17 13:30:06"}
{"level":"error","message":"Failed to create product: Cannot destructure property 'name' of 'req.body' as it is undefined.","timestamp":"2026-02-17 13:30:36"}
{"level":"error","message":"Failed to create product: permission denied for table products","timestamp":"2026-02-17 13:36:04"}
{"level":"error","message":"Failed to create product: permission denied for sequence products_id_seq","timestamp":"2026-02-17 13:45:19"}
{"level":"error","message":"Failed to fetch products: logger is not defined","timestamp":"2026-02-17 14:16:34"}
{"level":"error","message":"404 - Not Found - /api-docs/swagger-ui-bundle.js","timestamp":"2026-02-17 17:20:54"}
{"level":"error","message":"404 - Not Found - /api-docs/favicon-32x32.png","timestamp":"2026-02-17 17:20:55"}
{"level":"error","message":"404 - Not Found - /api-docs/favicon-16x16.png","timestamp":"2026-02-17 17:20:56"}
{"level":"error","message":"404 - Not Found - /api/product/1","timestamp":"2026-02-18 11:26:42"}
{"level":"error","message":"404 - Not Found - /api/product/1","timestamp":"2026-02-18 13:55:29"}
{"level":"error","message":"Failed to update product ID 1: column \"quantity\" does not exist","timestamp":"2026-02-18 13:59:29"}
{"level":"error","message":"Failed to update product ID 1: column \"quantity\" does not exist","timestamp":"2026-02-18 13:59:29"}
{"level":"error","message":"Failed to update product ID 1: column \"updated_at\" of relation \"products\" does not exist","timestamp":"2026-02-18 14:04:22"}
{"level":"error","message":"Failed to update product ID 1: column \"updated_at\" of relation \"products\" does not exist","timestamp":"2026-02-18 14:04:22"}
{"level":"error","message":"404 - Not Found - /api/products/1","timestamp":"2026-02-19 12:06:44"}
{"level":"error","message":"404 - Not Found - /api/products/2","timestamp":"2026-02-19 12:07:04"}
{"level":"error","message":"Failed to fetch products: filterProductsByCategory is not defined","timestamp":"2026-02-25 12:14:31"}
{"level":"error","message":"Failed to fetch products: filterProductsByCategory is not defined","timestamp":"2026-02-25 12:14:33"}
{"level":"error","message":"Failed to fetch products: filterProductsByCategory is not defined","timestamp":"2026-02-25 12:14:35"}
{"level":"error","message":"Failed to fetch products: filterProductsByCategory is not defined","timestamp":"2026-02-25 12:14:38"}
{"level":"error","message":"Failed to fetch products: filterProductsByCategory is not defined","timestamp":"2026-02-25 12:14:38"}
{"level":"error","message":"Failed to fetch products: filterProductsByCategory is not defined","timestamp":"2026-02-25 12:14:42"}
{"level":"error","message":"Failed to fetch products: filterProductsByCategory is not defined","timestamp":"2026-02-25 12:14:43"}
{"level":"error","message":"Failed to fetch products: filterProductsByCategory is not defined","timestamp":"2026-02-25 12:14:44"}
{"level":"error","message":"Failed to fetch products: filterProductsByCategory is not defined","timestamp":"2026-02-25 12:14:45"}
{"level":"error","message":"Failed to fetch products: filterProductsByCategory is not defined","timestamp":"2026-02-25 12:14:56"}
{"level":"error","message":"Failed to fetch products: filterProductsByCategory is not defined","timestamp":"2026-02-25 12:14:56"}
{"level":"error","message":"Failed to fetch products: filterProductsByCategory is not defined","timestamp":"2026-02-25 12:14:56"}
{"level":"error","message":"Failed to fetch products: filterProductsByCategory is not defined","timestamp":"2026-02-25 12:15:05"}
{"level":"error","message":"Failed to fetch products: filterProductsByCategory is not defined","timestamp":"2026-02-25 12:15:06"}
{"level":"error","message":"Failed to fetch products: filterProductsByCategory is not defined","timestamp":"2026-02-25 12:15:06"}
{"level":"error","message":"Failed to fetch products: filterProductsByCategory is not defined","timestamp":"2026-02-25 12:15:17"}
{"level":"error","message":"Failed to fetch products: filterProductsByCategory is not defined","timestamp":"2026-02-25 12:15:17"}
{"level":"error","message":"404 - Not Found - /api/products/5","timestamp":"2026-02-25 12:15:47"}
{"level":"error","message":"Failed to fetch products: filterProductsByCategory is not defined","timestamp":"2026-02-25 12:27:03"}
{"level":"error","message":"Failed to fetch products: filterProductsByCategory is not defined","timestamp":"2026-02-25 12:27:05"}
{"level":"error","message":"Failed to fetch products: filterProductsByCategory is not defined","timestamp":"2026-02-25 12:27:06"}
{"level":"error","message":"Failed to fetch products: filterProductsByCategory is not defined","timestamp":"2026-02-25 12:27:09"}
{"level":"error","message":"Failed to fetch products: filterProductsByCategory is not defined","timestamp":"2026-02-25 12:27:09"}
{"level":"error","message":"Failed to fetch products: filterProductsByCategory is not defined","timestamp":"2026-02-25 12:27:09"}
{"level":"error","message":"Failed to fetch products: filterProductsByCategory is not defined","timestamp":"2026-02-25 12:30:30"}
{"level":"error","message":"Failed to fetch products: filterProductsByCategory is not defined","timestamp":"2026-02-25 12:30:33"}
{"level":"error","message":"Failed to fetch products: filterProductsByCategory is not defined","timestamp":"2026-02-25 12:31:01"}
{"level":"error","message":"Failed to fetch products: filterProductsByCategory is not defined","timestamp":"2026-02-25 12:31:03"}
{"level":"error","message":"Failed to fetch products: filterProductsByCategory is not defined","timestamp":"2026-02-25 12:31:04"}
{"level":"error","message":"404 - Not Found - /api/products/6","timestamp":"2026-02-25 12:50:17"}
{"level":"error","message":"404 - Not Found - /api/products/6","timestamp":"2026-02-25 12:50:27"}
{"level":"error","message":"404 - Not Found - /api/products/6","timestamp":"2026-02-25 12:50:55"}
